# Logfile created on 2026-06-08 15:38:36 -0600 by logger.rb/v1.5.3
I, [2026-06-08T15:38:36.941837 #16302]  INFO -- : Running example 'Verifying a pact between order-service and product-service Given product 1 exists a request for product 1 with GET /products/1 returns a response which has status code 200'
I, [2026-06-08T15:38:36.954141 #16302]  INFO -- : Sending GET request to path: "/products/1" with headers: {"X_PACT_PROVIDER_STATES"=>[{"name"=>"product 1 exists"}]}, see debug logs for body
I, [2026-06-08T15:38:36.960787 #16302]  INFO -- : Received response with status: 200, headers: {"Server"=>"Werkzeug/3.1.8 Python/3.11.15", "Date"=>"Mon, 08 Jun 2026 21:38:36 GMT", "Content-Type"=>"application/json", "Content-Length"=>"38", "Connection"=>"close"}, see debug logs for body
I, [2026-06-08T15:38:36.963008 #16302]  INFO -- : Running example 'Verifying a pact between order-service and product-service Given a product can be created a request to create a product with POST /products returns a response which has status code 201'
I, [2026-06-08T15:38:36.974783 #16302]  INFO -- : Sending POST request to path: "/products" with headers: {"CONTENT_TYPE"=>"application/json", "HTTP_X_PACT_ORIGINAL_HEADER_NAMES"=>"Content-Type", "X_PACT_PROVIDER_STATES"=>[{"name"=>"a product can be created"}]}, see debug logs for body
I, [2026-06-08T15:38:36.977574 #16302]  INFO -- : Received response with status: 201, headers: {"Server"=>"Werkzeug/3.1.8 Python/3.11.15", "Date"=>"Mon, 08 Jun 2026 21:38:36 GMT", "Content-Type"=>"application/json", "Content-Length"=>"39", "Connection"=>"close"}, see debug logs for body
I, [2026-06-08T15:40:21.366350 #17553]  INFO -- : Running example 'Verifying a pact between order-service and product-service Given product 1 exists a request for product 1 with GET /products/1 returns a response which has status code 200'
I, [2026-06-08T15:40:21.376160 #17553]  INFO -- : Sending GET request to path: "/products/1" with headers: {"X_PACT_PROVIDER_STATES"=>[{"name"=>"product 1 exists"}]}, see debug logs for body
I, [2026-06-08T15:40:21.380645 #17553]  INFO -- : Received response with status: 200, headers: {"Server"=>"Werkzeug/3.1.8 Python/3.11.15", "Date"=>"Mon, 08 Jun 2026 21:40:21 GMT", "Content-Type"=>"application/json", "Content-Length"=>"38", "Connection"=>"close"}, see debug logs for body
I, [2026-06-08T15:40:21.381362 #17553]  INFO -- : Running example 'Verifying a pact between order-service and product-service Given a product can be created a request to create a product with POST /products returns a response which has status code 201'
I, [2026-06-08T15:40:21.391229 #17553]  INFO -- : Sending POST request to path: "/products" with headers: {"CONTENT_TYPE"=>"application/json", "HTTP_X_PACT_ORIGINAL_HEADER_NAMES"=>"Content-Type", "X_PACT_PROVIDER_STATES"=>[{"name"=>"a product can be created"}]}, see debug logs for body
I, [2026-06-08T15:40:21.392355 #17553]  INFO -- : Received response with status: 201, headers: {"Server"=>"Werkzeug/3.1.8 Python/3.11.15", "Date"=>"Mon, 08 Jun 2026 21:40:21 GMT", "Content-Type"=>"application/json", "Content-Length"=>"39", "Connection"=>"close"}, see debug logs for body
I, [2026-06-08T15:41:39.029446 #17848]  INFO -- : Running example 'Verifying a pact between order-service and product-service Given product 1 exists a request for product 1 with GET /products/1 returns a response which has status code 200'
I, [2026-06-08T15:41:39.038873 #17848]  INFO -- : Sending GET request to path: "/products/1" with headers: {"X_PACT_PROVIDER_STATES"=>[{"name"=>"product 1 exists"}]}, see debug logs for body
I, [2026-06-08T15:41:39.043243 #17848]  INFO -- : Received response with status: 200, headers: {"Server"=>"Werkzeug/3.1.8 Python/3.11.15", "Date"=>"Mon, 08 Jun 2026 21:41:39 GMT", "Content-Type"=>"application/json", "Content-Length"=>"38", "Connection"=>"close"}, see debug logs for body
I, [2026-06-08T15:41:39.043977 #17848]  INFO -- : Running example 'Verifying a pact between order-service and product-service Given a product can be created a request to create a product with POST /products returns a response which has status code 201'
I, [2026-06-08T15:41:39.054193 #17848]  INFO -- : Sending POST request to path: "/products" with headers: {"CONTENT_TYPE"=>"application/json", "HTTP_X_PACT_ORIGINAL_HEADER_NAMES"=>"Content-Type", "X_PACT_PROVIDER_STATES"=>[{"name"=>"a product can be created"}]}, see debug logs for body
I, [2026-06-08T15:41:39.055587 #17848]  INFO -- : Received response with status: 201, headers: {"Server"=>"Werkzeug/3.1.8 Python/3.11.15", "Date"=>"Mon, 08 Jun 2026 21:41:39 GMT", "Content-Type"=>"application/json", "Content-Length"=>"39", "Connection"=>"close"}, see debug logs for body
I, [2026-06-08T15:42:03.561480 #17977]  INFO -- : Running example 'Verifying a pact between order-service and product-service Given product 1 exists a request for product 1 with GET /products/1 returns a response which has status code 200'
I, [2026-06-08T15:42:03.571113 #17977]  INFO -- : Sending GET request to path: "/products/1" with headers: {"X_PACT_PROVIDER_STATES"=>[{"name"=>"product 1 exists"}]}, see debug logs for body
I, [2026-06-08T15:42:03.575682 #17977]  INFO -- : Received response with status: 200, headers: {"Server"=>"Werkzeug/3.1.8 Python/3.11.15", "Date"=>"Mon, 08 Jun 2026 21:42:03 GMT", "Content-Type"=>"application/json", "Content-Length"=>"38", "Connection"=>"close"}, see debug logs for body
I, [2026-06-08T15:42:03.576411 #17977]  INFO -- : Running example 'Verifying a pact between order-service and product-service Given a product can be created a request to create a product with POST /products returns a response which has status code 201'
I, [2026-06-08T15:42:03.586490 #17977]  INFO -- : Sending POST request to path: "/products" with headers: {"CONTENT_TYPE"=>"application/json", "HTTP_X_PACT_ORIGINAL_HEADER_NAMES"=>"Content-Type", "X_PACT_PROVIDER_STATES"=>[{"name"=>"a product can be created"}]}, see debug logs for body
I, [2026-06-08T15:42:03.587738 #17977]  INFO -- : Received response with status: 201, headers: {"Server"=>"Werkzeug/3.1.8 Python/3.11.15", "Date"=>"Mon, 08 Jun 2026 21:42:03 GMT", "Content-Type"=>"application/json", "Content-Length"=>"39", "Connection"=>"close"}, see debug logs for body
I, [2026-06-08T15:45:29.178155 #18737]  INFO -- : Running example 'Verifying a pact between order-service and product-service Given product 1 exists a request for product 1 with GET /products/1 returns a response which has status code 200'
I, [2026-06-08T15:45:29.189120 #18737]  INFO -- : Sending GET request to path: "/products/1" with headers: {"X_PACT_PROVIDER_STATES"=>[{"name"=>"product 1 exists"}]}, see debug logs for body
I, [2026-06-08T15:45:29.198092 #18737]  INFO -- : Received response with status: 200, headers: {"Server"=>"Werkzeug/3.1.8 Python/3.11.15", "Date"=>"Mon, 08 Jun 2026 21:45:29 GMT", "Content-Type"=>"application/json", "Content-Length"=>"38", "Connection"=>"close"}, see debug logs for body
I, [2026-06-08T15:45:29.198815 #18737]  INFO -- : Running example 'Verifying a pact between order-service and product-service Given a product can be created a request to create a product with POST /products returns a response which has status code 201'
I, [2026-06-08T15:45:29.208814 #18737]  INFO -- : Sending POST request to path: "/products" with headers: {"CONTENT_TYPE"=>"application/json", "HTTP_X_PACT_ORIGINAL_HEADER_NAMES"=>"Content-Type", "X_PACT_PROVIDER_STATES"=>[{"name"=>"a product can be created"}]}, see debug logs for body
I, [2026-06-08T15:45:29.211640 #18737]  INFO -- : Received response with status: 201, headers: {"Server"=>"Werkzeug/3.1.8 Python/3.11.15", "Date"=>"Mon, 08 Jun 2026 21:45:29 GMT", "Content-Type"=>"application/json", "Content-Length"=>"39", "Connection"=>"close"}, see debug logs for body
I, [2026-06-08T15:55:22.417634 #20156]  INFO -- : Running example 'Verifying a pact between order-service and product-service [PENDING] Given product 1 exists a request for product 1 with GET /products/1 returns a response which has status code 200'
I, [2026-06-08T15:55:22.427412 #20156]  INFO -- : Sending GET request to path: "/products/1" with headers: {"X_PACT_PROVIDER_STATES"=>[{"name"=>"product 1 exists"}]}, see debug logs for body
I, [2026-06-08T15:55:22.432645 #20156]  INFO -- : Received response with status: 200, headers: {"Server"=>"Werkzeug/3.1.8 Python/3.11.15", "Date"=>"Mon, 08 Jun 2026 21:55:22 GMT", "Content-Type"=>"application/json", "Content-Length"=>"38", "Connection"=>"close"}, see debug logs for body
I, [2026-06-08T15:55:22.433503 #20156]  INFO -- : Running example 'Verifying a pact between order-service and product-service [PENDING] Given a product can be created a request to create a product with POST /products returns a response which has status code 201'
I, [2026-06-08T15:55:22.446608 #20156]  INFO -- : Sending POST request to path: "/products" with headers: {"CONTENT_TYPE"=>"application/json", "HTTP_X_PACT_ORIGINAL_HEADER_NAMES"=>"Content-Type", "X_PACT_PROVIDER_STATES"=>[{"name"=>"a product can be created"}]}, see debug logs for body
I, [2026-06-08T15:55:22.451740 #20156]  INFO -- : Received response with status: 500, headers: {"Server"=>"Werkzeug/3.1.8 Python/3.11.15", "Date"=>"Mon, 08 Jun 2026 21:55:22 GMT", "Content-Type"=>"text/html; charset=utf-8", "Content-Length"=>"265", "Connection"=>"close"}, see debug logs for body
I, [2026-06-08T15:56:00.650126 #20292]  INFO -- : Running example 'Verifying a pact between order-service and product-service [PENDING] Given product 1 exists a request for product 1 with GET /products/1 returns a response which has status code 200'
I, [2026-06-08T15:56:00.659655 #20292]  INFO -- : Sending GET request to path: "/products/1" with headers: {"X_PACT_PROVIDER_STATES"=>[{"name"=>"product 1 exists"}]}, see debug logs for body
I, [2026-06-08T15:56:00.665677 #20292]  INFO -- : Received response with status: 200, headers: {"Server"=>"Werkzeug/3.1.8 Python/3.11.15", "Date"=>"Mon, 08 Jun 2026 21:56:00 GMT", "Content-Type"=>"application/json", "Content-Length"=>"38", "Connection"=>"close"}, see debug logs for body
I, [2026-06-08T15:56:00.666404 #20292]  INFO -- : Running example 'Verifying a pact between order-service and product-service [PENDING] Given a product can be created a request to create a product with POST /products returns a response which has status code 201'
I, [2026-06-08T15:56:00.679447 #20292]  INFO -- : Sending POST request to path: "/products" with headers: {"CONTENT_TYPE"=>"application/json", "HTTP_X_PACT_ORIGINAL_HEADER_NAMES"=>"Content-Type", "X_PACT_PROVIDER_STATES"=>[{"name"=>"a product can be created"}]}, see debug logs for body
I, [2026-06-08T15:56:00.681408 #20292]  INFO -- : Received response with status: 500, headers: {"Server"=>"Werkzeug/3.1.8 Python/3.11.15", "Date"=>"Mon, 08 Jun 2026 21:56:00 GMT", "Content-Type"=>"text/html; charset=utf-8", "Content-Length"=>"265", "Connection"=>"close"}, see debug logs for body
I, [2026-06-08T15:58:08.814893 #20476]  INFO -- : Running example 'Verifying a pact between order-service and product-service Given product 1 exists a request for product 1 with GET /products/1 returns a response which has status code 200'
I, [2026-06-08T15:58:08.825971 #20476]  INFO -- : Sending GET request to path: "/products/1" with headers: {"X_PACT_PROVIDER_STATES"=>[{"name"=>"product 1 exists"}]}, see debug logs for body
I, [2026-06-08T15:58:08.830917 #20476]  INFO -- : Received response with status: 200, headers: {"Server"=>"Werkzeug/3.1.8 Python/3.11.15", "Date"=>"Mon, 08 Jun 2026 21:58:08 GMT", "Content-Type"=>"application/json", "Content-Length"=>"38", "Connection"=>"close"}, see debug logs for body
I, [2026-06-08T15:58:08.831844 #20476]  INFO -- : Running example 'Verifying a pact between order-service and product-service Given a product can be created a request to create a product with POST /products returns a response which has status code 201'
I, [2026-06-08T15:58:08.841658 #20476]  INFO -- : Sending POST request to path: "/products" with headers: {"CONTENT_TYPE"=>"application/json", "HTTP_X_PACT_ORIGINAL_HEADER_NAMES"=>"Content-Type", "X_PACT_PROVIDER_STATES"=>[{"name"=>"a product can be created"}]}, see debug logs for body
I, [2026-06-08T15:58:08.843591 #20476]  INFO -- : Received response with status: 500, headers: {"Server"=>"Werkzeug/3.1.8 Python/3.11.15", "Date"=>"Mon, 08 Jun 2026 21:58:08 GMT", "Content-Type"=>"text/html; charset=utf-8", "Content-Length"=>"265", "Connection"=>"close"}, see debug logs for body
I, [2026-06-08T15:59:23.196489 #20623]  INFO -- : Running example 'Verifying a pact between order-service and product-service Given product 1 exists a request for product 1 with GET /products/1 returns a response which has status code 200'
I, [2026-06-08T15:59:23.207958 #20623]  INFO -- : Sending GET request to path: "/products/1" with headers: {"X_PACT_PROVIDER_STATES"=>[{"name"=>"product 1 exists"}]}, see debug logs for body
I, [2026-06-08T15:59:23.213900 #20623]  INFO -- : Received response with status: 200, headers: {"Server"=>"Werkzeug/3.1.8 Python/3.11.15", "Date"=>"Mon, 08 Jun 2026 21:59:23 GMT", "Content-Type"=>"application/json", "Content-Length"=>"38", "Connection"=>"close"}, see debug logs for body
I, [2026-06-08T15:59:23.214738 #20623]  INFO -- : Running example 'Verifying a pact between order-service and product-service Given a product can be created a request to create a product with POST /products returns a response which has status code 201'
I, [2026-06-08T15:59:23.224945 #20623]  INFO -- : Sending POST request to path: "/products" with headers: {"CONTENT_TYPE"=>"application/json", "HTTP_X_PACT_ORIGINAL_HEADER_NAMES"=>"Content-Type", "X_PACT_PROVIDER_STATES"=>[{"name"=>"a product can be created"}]}, see debug logs for body
I, [2026-06-08T15:59:23.227877 #20623]  INFO -- : Received response with status: 500, headers: {"Server"=>"Werkzeug/3.1.8 Python/3.11.15", "Date"=>"Mon, 08 Jun 2026 21:59:23 GMT", "Content-Type"=>"text/html; charset=utf-8", "Content-Length"=>"265", "Connection"=>"close"}, see debug logs for body
I, [2026-06-08T16:00:07.661437 #20757]  INFO -- : Running example 'Verifying a pact between order-service and product-service Given product 1 exists a request for product 1 with GET /products/1 returns a response which has status code 200'
I, [2026-06-08T16:00:07.672508 #20757]  INFO -- : Sending GET request to path: "/products/1" with headers: {"X_PACT_PROVIDER_STATES"=>[{"name"=>"product 1 exists"}]}, see debug logs for body
I, [2026-06-08T16:00:07.677594 #20757]  INFO -- : Received response with status: 200, headers: {"Server"=>"Werkzeug/3.1.8 Python/3.11.15", "Date"=>"Mon, 08 Jun 2026 22:00:07 GMT", "Content-Type"=>"application/json", "Content-Length"=>"38", "Connection"=>"close"}, see debug logs for body
I, [2026-06-08T16:00:07.678421 #20757]  INFO -- : Running example 'Verifying a pact between order-service and product-service Given a product can be created a request to create a product with POST /products returns a response which has status code 201'
I, [2026-06-08T16:00:07.690694 #20757]  INFO -- : Sending POST request to path: "/products" with headers: {"CONTENT_TYPE"=>"application/json", "HTTP_X_PACT_ORIGINAL_HEADER_NAMES"=>"Content-Type", "X_PACT_PROVIDER_STATES"=>[{"name"=>"a product can be created"}]}, see debug logs for body
I, [2026-06-08T16:00:07.694081 #20757]  INFO -- : Received response with status: 500, headers: {"Server"=>"Werkzeug/3.1.8 Python/3.11.15", "Date"=>"Mon, 08 Jun 2026 22:00:07 GMT", "Content-Type"=>"text/html; charset=utf-8", "Content-Length"=>"265", "Connection"=>"close"}, see debug logs for body
I, [2026-06-08T16:03:56.229386 #20989]  INFO -- : Running example 'Verifying a pact between order-service and product-service Given product 1 exists a request for product 1 with GET /products/1 returns a response which has status code 200'
I, [2026-06-08T16:03:56.238530 #20989]  INFO -- : Sending GET request to path: "/products/1" with headers: {"X_PACT_PROVIDER_STATES"=>[{"name"=>"product 1 exists"}]}, see debug logs for body
I, [2026-06-08T16:03:56.243534 #20989]  INFO -- : Received response with status: 200, headers: {"Server"=>"Werkzeug/3.1.8 Python/3.11.15", "Date"=>"Mon, 08 Jun 2026 22:03:56 GMT", "Content-Type"=>"application/json", "Content-Length"=>"38", "Connection"=>"close"}, see debug logs for body
I, [2026-06-08T16:03:56.244492 #20989]  INFO -- : Running example 'Verifying a pact between order-service and product-service Given a product can be created a request to create a product with POST /products returns a response which has status code 201'
I, [2026-06-08T16:03:56.254291 #20989]  INFO -- : Sending POST request to path: "/products" with headers: {"CONTENT_TYPE"=>"application/json", "HTTP_X_PACT_ORIGINAL_HEADER_NAMES"=>"Content-Type", "X_PACT_PROVIDER_STATES"=>[{"name"=>"a product can be created"}]}, see debug logs for body
I, [2026-06-08T16:03:56.256070 #20989]  INFO -- : Received response with status: 500, headers: {"Server"=>"Werkzeug/3.1.8 Python/3.11.15", "Date"=>"Mon, 08 Jun 2026 22:03:56 GMT", "Content-Type"=>"text/html; charset=utf-8", "Content-Length"=>"265", "Connection"=>"close"}, see debug logs for body
I, [2026-06-08T16:05:41.777600 #21139]  INFO -- : Running example 'Verifying a pact between order-service and product-service Given product 1 exists a request for product 1 with GET /products/1 returns a response which has status code 200'
I, [2026-06-08T16:05:41.787216 #21139]  INFO -- : Sending GET request to path: "/products/1" with headers: {"X_PACT_PROVIDER_STATES"=>[{"name"=>"product 1 exists"}]}, see debug logs for body
I, [2026-06-08T16:05:41.792569 #21139]  INFO -- : Received response with status: 200, headers: {"Server"=>"Werkzeug/3.1.8 Python/3.11.15", "Date"=>"Mon, 08 Jun 2026 22:05:41 GMT", "Content-Type"=>"application/json", "Content-Length"=>"38", "Connection"=>"close"}, see debug logs for body
I, [2026-06-08T16:05:41.793494 #21139]  INFO -- : Running example 'Verifying a pact between order-service and product-service Given a product can be created a request to create a product with POST /products returns a response which has status code 201'
I, [2026-06-08T16:05:41.803742 #21139]  INFO -- : Sending POST request to path: "/products" with headers: {"CONTENT_TYPE"=>"application/json", "HTTP_X_PACT_ORIGINAL_HEADER_NAMES"=>"Content-Type", "X_PACT_PROVIDER_STATES"=>[{"name"=>"a product can be created"}]}, see debug logs for body
I, [2026-06-08T16:05:41.808012 #21139]  INFO -- : Received response with status: 500, headers: {"Server"=>"Werkzeug/3.1.8 Python/3.11.15", "Date"=>"Mon, 08 Jun 2026 22:05:41 GMT", "Content-Type"=>"text/html; charset=utf-8", "Content-Length"=>"265", "Connection"=>"close"}, see debug logs for body
I, [2026-06-08T16:05:53.671337 #21255]  INFO -- : Running example 'Verifying a pact between order-service and product-service Given product 1 exists a request for product 1 with GET /products/1 returns a response which has status code 200'
I, [2026-06-08T16:05:53.680652 #21255]  INFO -- : Sending GET request to path: "/products/1" with headers: {"X_PACT_PROVIDER_STATES"=>[{"name"=>"product 1 exists"}]}, see debug logs for body
I, [2026-06-08T16:05:53.685434 #21255]  INFO -- : Received response with status: 200, headers: {"Server"=>"Werkzeug/3.1.8 Python/3.11.15", "Date"=>"Mon, 08 Jun 2026 22:05:53 GMT", "Content-Type"=>"application/json", "Content-Length"=>"38", "Connection"=>"close"}, see debug logs for body
I, [2026-06-08T16:05:53.686085 #21255]  INFO -- : Running example 'Verifying a pact between order-service and product-service Given a product can be created a request to create a product with POST /products returns a response which has status code 201'
I, [2026-06-08T16:05:53.696557 #21255]  INFO -- : Sending POST request to path: "/products" with headers: {"CONTENT_TYPE"=>"application/json", "HTTP_X_PACT_ORIGINAL_HEADER_NAMES"=>"Content-Type", "X_PACT_PROVIDER_STATES"=>[{"name"=>"a product can be created"}]}, see debug logs for body
I, [2026-06-08T16:05:53.699453 #21255]  INFO -- : Received response with status: 500, headers: {"Server"=>"Werkzeug/3.1.8 Python/3.11.15", "Date"=>"Mon, 08 Jun 2026 22:05:53 GMT", "Content-Type"=>"text/html; charset=utf-8", "Content-Length"=>"265", "Connection"=>"close"}, see debug logs for body
I, [2026-06-08T16:06:24.049750 #21380]  INFO -- : Running example 'Verifying a pact between order-service and product-service Given product 1 exists a request for product 1 with GET /products/1 returns a response which has status code 200'
I, [2026-06-08T16:06:24.060205 #21380]  INFO -- : Sending GET request to path: "/products/1" with headers: {"X_PACT_PROVIDER_STATES"=>[{"name"=>"product 1 exists"}]}, see debug logs for body
I, [2026-06-08T16:06:24.066904 #21380]  INFO -- : Received response with status: 200, headers: {"Server"=>"Werkzeug/3.1.8 Python/3.11.15", "Date"=>"Mon, 08 Jun 2026 22:06:24 GMT", "Content-Type"=>"application/json", "Content-Length"=>"38", "Connection"=>"close"}, see debug logs for body
I, [2026-06-08T16:06:24.067706 #21380]  INFO -- : Running example 'Verifying a pact between order-service and product-service Given a product can be created a request to create a product with POST /products returns a response which has status code 201'
I, [2026-06-08T16:06:24.082383 #21380]  INFO -- : Sending POST request to path: "/products" with headers: {"CONTENT_TYPE"=>"application/json", "HTTP_X_PACT_ORIGINAL_HEADER_NAMES"=>"Content-Type", "X_PACT_PROVIDER_STATES"=>[{"name"=>"a product can be created"}]}, see debug logs for body
I, [2026-06-08T16:06:24.085615 #21380]  INFO -- : Received response with status: 500, headers: {"Server"=>"Werkzeug/3.1.8 Python/3.11.15", "Date"=>"Mon, 08 Jun 2026 22:06:24 GMT", "Content-Type"=>"text/html; charset=utf-8", "Content-Length"=>"265", "Connection"=>"close"}, see debug logs for body
I, [2026-06-08T16:07:12.813377 #21538]  INFO -- : Running example 'Verifying a pact between order-service and product-service Given product 1 exists a request for product 1 with GET /products/1 returns a response which has status code 200'
I, [2026-06-08T16:07:12.824477 #21538]  INFO -- : Sending GET request to path: "/products/1" with headers: {"X_PACT_PROVIDER_STATES"=>[{"name"=>"product 1 exists"}]}, see debug logs for body
I, [2026-06-08T16:07:12.830313 #21538]  INFO -- : Received response with status: 200, headers: {"Server"=>"Werkzeug/3.1.8 Python/3.11.15", "Date"=>"Mon, 08 Jun 2026 22:07:12 GMT", "Content-Type"=>"application/json", "Content-Length"=>"38", "Connection"=>"close"}, see debug logs for body
I, [2026-06-08T16:07:12.831215 #21538]  INFO -- : Running example 'Verifying a pact between order-service and product-service Given a product can be created a request to create a product with POST /products returns a response which has status code 201'
I, [2026-06-08T16:07:12.840917 #21538]  INFO -- : Sending POST request to path: "/products" with headers: {"CONTENT_TYPE"=>"application/json", "HTTP_X_PACT_ORIGINAL_HEADER_NAMES"=>"Content-Type", "X_PACT_PROVIDER_STATES"=>[{"name"=>"a product can be created"}]}, see debug logs for body
I, [2026-06-08T16:07:12.842986 #21538]  INFO -- : Received response with status: 500, headers: {"Server"=>"Werkzeug/3.1.8 Python/3.11.15", "Date"=>"Mon, 08 Jun 2026 22:07:12 GMT", "Content-Type"=>"text/html; charset=utf-8", "Content-Length"=>"265", "Connection"=>"close"}, see debug logs for body
I, [2026-06-08T16:08:07.011001 #21870]  INFO -- : Running example 'Verifying a pact between order-service and product-service Given product 1 exists a request for product 1 with GET /products/1 returns a response which has status code 200'
I, [2026-06-08T16:08:07.020499 #21870]  INFO -- : Sending GET request to path: "/products/1" with headers: {"X_PACT_PROVIDER_STATES"=>[{"name"=>"product 1 exists"}]}, see debug logs for body
I, [2026-06-08T16:08:07.025797 #21870]  INFO -- : Received response with status: 200, headers: {"Server"=>"Werkzeug/3.1.8 Python/3.11.15", "Date"=>"Mon, 08 Jun 2026 22:08:07 GMT", "Content-Type"=>"application/json", "Content-Length"=>"38", "Connection"=>"close"}, see debug logs for body
I, [2026-06-08T16:08:07.026561 #21870]  INFO -- : Running example 'Verifying a pact between order-service and product-service Given a product can be created a request to create a product with POST /products returns a response which has status code 201'
I, [2026-06-08T16:08:07.041091 #21870]  INFO -- : Sending POST request to path: "/products" with headers: {"CONTENT_TYPE"=>"application/json", "HTTP_X_PACT_ORIGINAL_HEADER_NAMES"=>"Content-Type", "X_PACT_PROVIDER_STATES"=>[{"name"=>"a product can be created"}]}, see debug logs for body
I, [2026-06-08T16:08:07.044065 #21870]  INFO -- : Received response with status: 500, headers: {"Server"=>"Werkzeug/3.1.8 Python/3.11.15", "Date"=>"Mon, 08 Jun 2026 22:08:07 GMT", "Content-Type"=>"text/html; charset=utf-8", "Content-Length"=>"265", "Connection"=>"close"}, see debug logs for body
I, [2026-06-08T16:09:56.636882 #22708]  INFO -- : Running example 'Verifying a pact between order-service and product-service Given product 1 exists a request for product 1 with GET /products/1 returns a response which has status code 200'
I, [2026-06-08T16:09:56.646627 #22708]  INFO -- : Sending GET request to path: "/products/1" with headers: {"X_PACT_PROVIDER_STATES"=>[{"name"=>"product 1 exists"}]}, see debug logs for body
I, [2026-06-08T16:09:56.651948 #22708]  INFO -- : Received response with status: 200, headers: {"Server"=>"Werkzeug/3.1.8 Python/3.11.15", "Date"=>"Mon, 08 Jun 2026 22:09:56 GMT", "Content-Type"=>"application/json", "Content-Length"=>"38", "Connection"=>"close"}, see debug logs for body
I, [2026-06-08T16:09:56.652851 #22708]  INFO -- : Running example 'Verifying a pact between order-service and product-service Given a product can be created a request to create a product with POST /products returns a response which has status code 201'
I, [2026-06-08T16:09:56.662984 #22708]  INFO -- : Sending POST request to path: "/products" with headers: {"CONTENT_TYPE"=>"application/json", "HTTP_X_PACT_ORIGINAL_HEADER_NAMES"=>"Content-Type", "X_PACT_PROVIDER_STATES"=>[{"name"=>"a product can be created"}]}, see debug logs for body
I, [2026-06-08T16:09:56.667665 #22708]  INFO -- : Received response with status: 500, headers: {"Server"=>"Werkzeug/3.1.8 Python/3.11.15", "Date"=>"Mon, 08 Jun 2026 22:09:56 GMT", "Content-Type"=>"text/html; charset=utf-8", "Content-Length"=>"265", "Connection"=>"close"}, see debug logs for body
I, [2026-06-08T16:12:34.213829 #24809]  INFO -- : Running example 'Verifying a pact between order-service and product-service Given product 1 exists a request for product 1 with GET /products/1 returns a response which has status code 200'
I, [2026-06-08T16:12:34.223060 #24809]  INFO -- : Sending GET request to path: "/products/1" with headers: {"X_PACT_PROVIDER_STATES"=>[{"name"=>"product 1 exists"}]}, see debug logs for body
I, [2026-06-08T16:12:34.228156 #24809]  INFO -- : Received response with status: 200, headers: {"Server"=>"Werkzeug/3.1.8 Python/3.11.15", "Date"=>"Mon, 08 Jun 2026 22:12:34 GMT", "Content-Type"=>"application/json", "Content-Length"=>"39", "Connection"=>"close"}, see debug logs for body
I, [2026-06-08T16:12:34.232045 #24809]  INFO -- : Running example 'Verifying a pact between order-service and product-service Given a product can be created a request to create a product with POST /products returns a response which has status code 201'
I, [2026-06-08T16:12:34.242314 #24809]  INFO -- : Sending POST request to path: "/products" with headers: {"CONTENT_TYPE"=>"application/json", "HTTP_X_PACT_ORIGINAL_HEADER_NAMES"=>"Content-Type", "X_PACT_PROVIDER_STATES"=>[{"name"=>"a product can be created"}]}, see debug logs for body
I, [2026-06-08T16:12:34.244148 #24809]  INFO -- : Received response with status: 201, headers: {"Server"=>"Werkzeug/3.1.8 Python/3.11.15", "Date"=>"Mon, 08 Jun 2026 22:12:34 GMT", "Content-Type"=>"application/json", "Content-Length"=>"40", "Connection"=>"close"}, see debug logs for body
I, [2026-06-08T16:14:10.179291 #25417]  INFO -- : Running example 'Verifying a pact between order-service and product-service Given product 1 exists a request for product 1 with GET /products/1 returns a response which has status code 200'
I, [2026-06-08T16:14:10.189009 #25417]  INFO -- : Sending GET request to path: "/products/1" with headers: {"X_PACT_PROVIDER_STATES"=>[{"name"=>"product 1 exists"}]}, see debug logs for body
I, [2026-06-08T16:14:10.194271 #25417]  INFO -- : Received response with status: 200, headers: {"Server"=>"Werkzeug/3.1.8 Python/3.11.15", "Date"=>"Mon, 08 Jun 2026 22:14:10 GMT", "Content-Type"=>"application/json", "Content-Length"=>"39", "Connection"=>"close"}, see debug logs for body
I, [2026-06-08T16:14:10.199543 #25417]  INFO -- : Running example 'Verifying a pact between order-service and product-service Given a product can be created a request to create a product with POST /products returns a response which has status code 201'
I, [2026-06-08T16:14:10.209679 #25417]  INFO -- : Sending POST request to path: "/products" with headers: {"CONTENT_TYPE"=>"application/json", "HTTP_X_PACT_ORIGINAL_HEADER_NAMES"=>"Content-Type", "X_PACT_PROVIDER_STATES"=>[{"name"=>"a product can be created"}]}, see debug logs for body
I, [2026-06-08T16:14:10.211495 #25417]  INFO -- : Received response with status: 201, headers: {"Server"=>"Werkzeug/3.1.8 Python/3.11.15", "Date"=>"Mon, 08 Jun 2026 22:14:10 GMT", "Content-Type"=>"application/json", "Content-Length"=>"40", "Connection"=>"close"}, see debug logs for body
I, [2026-06-08T16:14:34.211150 #25690]  INFO -- : Running example 'Verifying a pact between order-service and product-service Given product 1 exists a request for product 1 with GET /products/1 returns a response which has status code 200'
I, [2026-06-08T16:14:34.221269 #25690]  INFO -- : Sending GET request to path: "/products/1" with headers: {"X_PACT_PROVIDER_STATES"=>[{"name"=>"product 1 exists"}]}, see debug logs for body
I, [2026-06-08T16:14:34.226849 #25690]  INFO -- : Received response with status: 200, headers: {"Server"=>"Werkzeug/3.1.8 Python/3.11.15", "Date"=>"Mon, 08 Jun 2026 22:14:34 GMT", "Content-Type"=>"application/json", "Content-Length"=>"39", "Connection"=>"close"}, see debug logs for body
I, [2026-06-08T16:14:34.232895 #25690]  INFO -- : Running example 'Verifying a pact between order-service and product-service Given a product can be created a request to create a product with POST /products returns a response which has status code 201'
I, [2026-06-08T16:14:34.243318 #25690]  INFO -- : Sending POST request to path: "/products" with headers: {"CONTENT_TYPE"=>"application/json", "HTTP_X_PACT_ORIGINAL_HEADER_NAMES"=>"Content-Type", "X_PACT_PROVIDER_STATES"=>[{"name"=>"a product can be created"}]}, see debug logs for body
I, [2026-06-08T16:14:34.244904 #25690]  INFO -- : Received response with status: 201, headers: {"Server"=>"Werkzeug/3.1.8 Python/3.11.15", "Date"=>"Mon, 08 Jun 2026 22:14:34 GMT", "Content-Type"=>"application/json", "Content-Length"=>"40", "Connection"=>"close"}, see debug logs for body
I, [2026-06-08T16:14:53.522204 #26013]  INFO -- : Running example 'Verifying a pact between order-service and product-service Given product 1 exists a request for product 1 with GET /products/1 returns a response which has status code 200'
I, [2026-06-08T16:14:53.532409 #26013]  INFO -- : Sending GET request to path: "/products/1" with headers: {"X_PACT_PROVIDER_STATES"=>[{"name"=>"product 1 exists"}]}, see debug logs for body
I, [2026-06-08T16:14:53.538571 #26013]  INFO -- : Received response with status: 200, headers: {"Server"=>"Werkzeug/3.1.8 Python/3.11.15", "Date"=>"Mon, 08 Jun 2026 22:14:53 GMT", "Content-Type"=>"application/json", "Content-Length"=>"39", "Connection"=>"close"}, see debug logs for body
I, [2026-06-08T16:14:53.543082 #26013]  INFO -- : Running example 'Verifying a pact between order-service and product-service Given a product can be created a request to create a product with POST /products returns a response which has status code 201'
I, [2026-06-08T16:14:53.556900 #26013]  INFO -- : Sending POST request to path: "/products" with headers: {"CONTENT_TYPE"=>"application/json", "HTTP_X_PACT_ORIGINAL_HEADER_NAMES"=>"Content-Type", "X_PACT_PROVIDER_STATES"=>[{"name"=>"a product can be created"}]}, see debug logs for body
I, [2026-06-08T16:14:53.559214 #26013]  INFO -- : Received response with status: 201, headers: {"Server"=>"Werkzeug/3.1.8 Python/3.11.15", "Date"=>"Mon, 08 Jun 2026 22:14:53 GMT", "Content-Type"=>"application/json", "Content-Length"=>"40", "Connection"=>"close"}, see debug logs for body
I, [2026-06-08T16:15:20.968571 #26297]  INFO -- : Running example 'Verifying a pact between order-service and product-service Given product 1 exists a request for product 1 with GET /products/1 returns a response which has status code 200'
I, [2026-06-08T16:15:20.978425 #26297]  INFO -- : Sending GET request to path: "/products/1" with headers: {"X_PACT_PROVIDER_STATES"=>[{"name"=>"product 1 exists"}]}, see debug logs for body
I, [2026-06-08T16:15:20.985147 #26297]  INFO -- : Received response with status: 200, headers: {"Server"=>"Werkzeug/3.1.8 Python/3.11.15", "Date"=>"Mon, 08 Jun 2026 22:15:20 GMT", "Content-Type"=>"application/json", "Content-Length"=>"39", "Connection"=>"close"}, see debug logs for body
I, [2026-06-08T16:15:20.989074 #26297]  INFO -- : Running example 'Verifying a pact between order-service and product-service Given a product can be created a request to create a product with POST /products returns a response which has status code 201'
I, [2026-06-08T16:15:21.000568 #26297]  INFO -- : Sending POST request to path: "/products" with headers: {"CONTENT_TYPE"=>"application/json", "HTTP_X_PACT_ORIGINAL_HEADER_NAMES"=>"Content-Type", "X_PACT_PROVIDER_STATES"=>[{"name"=>"a product can be created"}]}, see debug logs for body
I, [2026-06-08T16:15:21.002101 #26297]  INFO -- : Received response with status: 201, headers: {"Server"=>"Werkzeug/3.1.8 Python/3.11.15", "Date"=>"Mon, 08 Jun 2026 22:15:21 GMT", "Content-Type"=>"application/json", "Content-Length"=>"40", "Connection"=>"close"}, see debug logs for body
I, [2026-06-08T16:16:04.974708 #26588]  INFO -- : Running example 'Verifying a pact between order-service and product-service Given product 1 exists a request for product 1 with GET /products/1 returns a response which has status code 200'
I, [2026-06-08T16:16:04.985896 #26588]  INFO -- : Sending GET request to path: "/products/1" with headers: {"X_PACT_PROVIDER_STATES"=>[{"name"=>"product 1 exists"}]}, see debug logs for body
I, [2026-06-08T16:16:04.991692 #26588]  INFO -- : Received response with status: 200, headers: {"Server"=>"Werkzeug/3.1.8 Python/3.11.15", "Date"=>"Mon, 08 Jun 2026 22:16:04 GMT", "Content-Type"=>"application/json", "Content-Length"=>"38", "Connection"=>"close"}, see debug logs for body
I, [2026-06-08T16:16:04.992873 #26588]  INFO -- : Running example 'Verifying a pact between order-service and product-service Given a product can be created a request to create a product with POST /products returns a response which has status code 201'
I, [2026-06-08T16:16:05.006006 #26588]  INFO -- : Sending POST request to path: "/products" with headers: {"CONTENT_TYPE"=>"application/json", "HTTP_X_PACT_ORIGINAL_HEADER_NAMES"=>"Content-Type", "X_PACT_PROVIDER_STATES"=>[{"name"=>"a product can be created"}]}, see debug logs for body
I, [2026-06-08T16:16:05.007771 #26588]  INFO -- : Received response with status: 201, headers: {"Server"=>"Werkzeug/3.1.8 Python/3.11.15", "Date"=>"Mon, 08 Jun 2026 22:16:05 GMT", "Content-Type"=>"application/json", "Content-Length"=>"40", "Connection"=>"close"}, see debug logs for body
I, [2026-06-09T14:48:21.630527 #54337]  INFO -- : Running example 'Verifying a pact between order-service and product-service Given product 1 exists a request for product 1 with GET /products/1 returns a response which has status code 200'
I, [2026-06-09T14:48:21.641487 #54337]  INFO -- : Sending GET request to path: "/products/1" with headers: {"X_PACT_PROVIDER_STATES"=>[{"name"=>"product 1 exists"}]}, see debug logs for body
I, [2026-06-09T14:48:21.647905 #54337]  INFO -- : Received response with status: 200, headers: {"Server"=>"Werkzeug/3.1.8 Python/3.11.15", "Date"=>"Tue, 09 Jun 2026 20:48:21 GMT", "Content-Type"=>"application/json", "Content-Length"=>"38", "Connection"=>"close"}, see debug logs for body
I, [2026-06-09T14:48:21.649070 #54337]  INFO -- : Running example 'Verifying a pact between order-service and product-service Given a product can be created a request to create a product with POST /products returns a response which has status code 201'
I, [2026-06-09T14:48:21.660907 #54337]  INFO -- : Sending POST request to path: "/products" with headers: {"CONTENT_TYPE"=>"application/json", "HTTP_X_PACT_ORIGINAL_HEADER_NAMES"=>"Content-Type", "X_PACT_PROVIDER_STATES"=>[{"name"=>"a product can be created"}]}, see debug logs for body
I, [2026-06-09T14:48:21.663146 #54337]  INFO -- : Received response with status: 201, headers: {"Server"=>"Werkzeug/3.1.8 Python/3.11.15", "Date"=>"Tue, 09 Jun 2026 20:48:21 GMT", "Content-Type"=>"application/json", "Content-Length"=>"40", "Connection"=>"close"}, see debug logs for body
I, [2026-06-09T14:48:35.272736 #54616]  INFO -- : Running example 'Verifying a pact between order-service and product-service Given product 1 exists a request for product 1 with GET /products/1 returns a response which has status code 200'
I, [2026-06-09T14:48:35.282363 #54616]  INFO -- : Sending GET request to path: "/products/1" with headers: {"X_PACT_PROVIDER_STATES"=>[{"name"=>"product 1 exists"}]}, see debug logs for body
I, [2026-06-09T14:48:35.288027 #54616]  INFO -- : Received response with status: 200, headers: {"Server"=>"Werkzeug/3.1.8 Python/3.11.15", "Date"=>"Tue, 09 Jun 2026 20:48:35 GMT", "Content-Type"=>"application/json", "Content-Length"=>"38", "Connection"=>"close"}, see debug logs for body
I, [2026-06-09T14:48:35.288946 #54616]  INFO -- : Running example 'Verifying a pact between order-service and product-service Given a product can be created a request to create a product with POST /products returns a response which has status code 201'
I, [2026-06-09T14:48:35.302916 #54616]  INFO -- : Sending POST request to path: "/products" with headers: {"CONTENT_TYPE"=>"application/json", "HTTP_X_PACT_ORIGINAL_HEADER_NAMES"=>"Content-Type", "X_PACT_PROVIDER_STATES"=>[{"name"=>"a product can be created"}]}, see debug logs for body
I, [2026-06-09T14:48:35.305114 #54616]  INFO -- : Received response with status: 500, headers: {"Server"=>"Werkzeug/3.1.8 Python/3.11.15", "Date"=>"Tue, 09 Jun 2026 20:48:35 GMT", "Content-Type"=>"text/html; charset=utf-8", "Content-Length"=>"265", "Connection"=>"close"}, see debug logs for body
I, [2026-06-09T14:50:39.029512 #55125]  INFO -- : Running example 'Verifying a pact between order-service and product-service Given product 1 exists a request for product 1 with GET /products/1 returns a response which has status code 200'
I, [2026-06-09T14:50:39.040129 #55125]  INFO -- : Sending GET request to path: "/products/1" with headers: {"X_PACT_PROVIDER_STATES"=>[{"name"=>"product 1 exists"}]}, see debug logs for body
I, [2026-06-09T14:50:39.045363 #55125]  INFO -- : Received response with status: 200, headers: {"Server"=>"Werkzeug/3.1.8 Python/3.11.15", "Date"=>"Tue, 09 Jun 2026 20:50:39 GMT", "Content-Type"=>"application/json", "Content-Length"=>"38", "Connection"=>"close"}, see debug logs for body
I, [2026-06-09T14:50:39.046242 #55125]  INFO -- : Running example 'Verifying a pact between order-service and product-service Given a product can be created a request to create a product with POST /products returns a response which has status code 201'
I, [2026-06-09T14:50:39.058400 #55125]  INFO -- : Sending POST request to path: "/products" with headers: {"CONTENT_TYPE"=>"application/json", "HTTP_X_PACT_ORIGINAL_HEADER_NAMES"=>"Content-Type", "X_PACT_PROVIDER_STATES"=>[{"name"=>"a product can be created"}]}, see debug logs for body
I, [2026-06-09T14:50:39.060781 #55125]  INFO -- : Received response with status: 201, headers: {"Server"=>"Werkzeug/3.1.8 Python/3.11.15", "Date"=>"Tue, 09 Jun 2026 20:50:39 GMT", "Content-Type"=>"application/json", "Content-Length"=>"39", "Connection"=>"close"}, see debug logs for body
I, [2026-06-09T14:53:06.358124 #55671]  INFO -- : Running example 'Verifying a pact between order-service and product-service Given product 1 exists a request for product 1 with GET /products/1 returns a response which has status code 200'
I, [2026-06-09T14:53:06.368524 #55671]  INFO -- : Sending GET request to path: "/products/1" with headers: {"X_PACT_PROVIDER_STATES"=>[{"name"=>"product 1 exists"}]}, see debug logs for body
I, [2026-06-09T14:53:06.373704 #55671]  INFO -- : Received response with status: 200, headers: {"Server"=>"Werkzeug/3.1.8 Python/3.11.15", "Date"=>"Tue, 09 Jun 2026 20:53:06 GMT", "Content-Type"=>"application/json", "Content-Length"=>"38", "Connection"=>"close"}, see debug logs for body
I, [2026-06-09T14:53:06.374636 #55671]  INFO -- : Running example 'Verifying a pact between order-service and product-service Given a product can be created a request to create a product with POST /products returns a response which has status code 201'
I, [2026-06-09T14:53:06.385364 #55671]  INFO -- : Sending POST request to path: "/products" with headers: {"CONTENT_TYPE"=>"application/json", "HTTP_X_PACT_ORIGINAL_HEADER_NAMES"=>"Content-Type", "X_PACT_PROVIDER_STATES"=>[{"name"=>"a product can be created"}]}, see debug logs for body
I, [2026-06-09T14:53:06.387569 #55671]  INFO -- : Received response with status: 500, headers: {"Server"=>"Werkzeug/3.1.8 Python/3.11.15", "Date"=>"Tue, 09 Jun 2026 20:53:06 GMT", "Content-Type"=>"text/html; charset=utf-8", "Content-Length"=>"265", "Connection"=>"close"}, see debug logs for body
I, [2026-06-09T14:54:08.021084 #55972]  INFO -- : Running example 'Verifying a pact between order-service and product-service Given product 1 exists a request for product 1 with GET /products/1 returns a response which has status code 200'
I, [2026-06-09T14:54:08.031113 #55972]  INFO -- : Sending GET request to path: "/products/1" with headers: {"X_PACT_PROVIDER_STATES"=>[{"name"=>"product 1 exists"}]}, see debug logs for body
I, [2026-06-09T14:54:08.038752 #55972]  INFO -- : Received response with status: 200, headers: {"Server"=>"Werkzeug/3.1.8 Python/3.11.15", "Date"=>"Tue, 09 Jun 2026 20:54:08 GMT", "Content-Type"=>"application/json", "Content-Length"=>"39", "Connection"=>"close"}, see debug logs for body
I, [2026-06-09T14:54:08.043070 #55972]  INFO -- : Running example 'Verifying a pact between order-service and product-service Given a product can be created a request to create a product with POST /products returns a response which has status code 201'
I, [2026-06-09T14:54:08.054204 #55972]  INFO -- : Sending POST request to path: "/products" with headers: {"CONTENT_TYPE"=>"application/json", "HTTP_X_PACT_ORIGINAL_HEADER_NAMES"=>"Content-Type", "X_PACT_PROVIDER_STATES"=>[{"name"=>"a product can be created"}]}, see debug logs for body
I, [2026-06-09T14:54:08.056583 #55972]  INFO -- : Received response with status: 500, headers: {"Server"=>"Werkzeug/3.1.8 Python/3.11.15", "Date"=>"Tue, 09 Jun 2026 20:54:08 GMT", "Content-Type"=>"text/html; charset=utf-8", "Content-Length"=>"265", "Connection"=>"close"}, see debug logs for body
I, [2026-06-09T14:54:51.141628 #56268]  INFO -- : Running example 'Verifying a pact between order-service and product-service Given product 1 exists a request for product 1 with GET /products/1 returns a response which has status code 200'
I, [2026-06-09T14:54:51.152939 #56268]  INFO -- : Sending GET request to path: "/products/1" with headers: {"X_PACT_PROVIDER_STATES"=>[{"name"=>"product 1 exists"}]}, see debug logs for body
I, [2026-06-09T14:54:51.158312 #56268]  INFO -- : Received response with status: 200, headers: {"Server"=>"Werkzeug/3.1.8 Python/3.11.15", "Date"=>"Tue, 09 Jun 2026 20:54:51 GMT", "Content-Type"=>"application/json", "Content-Length"=>"39", "Connection"=>"close"}, see debug logs for body
I, [2026-06-09T14:54:51.162252 #56268]  INFO -- : Running example 'Verifying a pact between order-service and product-service Given a product can be created a request to create a product with POST /products returns a response which has status code 201'
I, [2026-06-09T14:54:51.174249 #56268]  INFO -- : Sending POST request to path: "/products" with headers: {"CONTENT_TYPE"=>"application/json", "HTTP_X_PACT_ORIGINAL_HEADER_NAMES"=>"Content-Type", "X_PACT_PROVIDER_STATES"=>[{"name"=>"a product can be created"}]}, see debug logs for body
I, [2026-06-09T14:54:51.176077 #56268]  INFO -- : Received response with status: 201, headers: {"Server"=>"Werkzeug/3.1.8 Python/3.11.15", "Date"=>"Tue, 09 Jun 2026 20:54:51 GMT", "Content-Type"=>"application/json", "Content-Length"=>"40", "Connection"=>"close"}, see debug logs for body
I, [2026-06-09T14:55:20.019929 #56565]  INFO -- : Running example 'Verifying a pact between order-service and product-service Given product 1 exists a request for product 1 with GET /products/1 returns a response which has status code 200'
I, [2026-06-09T14:55:20.030296 #56565]  INFO -- : Sending GET request to path: "/products/1" with headers: {"X_PACT_PROVIDER_STATES"=>[{"name"=>"product 1 exists"}]}, see debug logs for body
I, [2026-06-09T14:55:20.036828 #56565]  INFO -- : Received response with status: 200, headers: {"Server"=>"Werkzeug/3.1.8 Python/3.11.15", "Date"=>"Tue, 09 Jun 2026 20:55:20 GMT", "Content-Type"=>"application/json", "Content-Length"=>"39", "Connection"=>"close"}, see debug logs for body
I, [2026-06-09T14:55:20.042261 #56565]  INFO -- : Running example 'Verifying a pact between order-service and product-service Given a product can be created a request to create a product with POST /products returns a response which has status code 201'
I, [2026-06-09T14:55:20.056469 #56565]  INFO -- : Sending POST request to path: "/products" with headers: {"CONTENT_TYPE"=>"application/json", "HTTP_X_PACT_ORIGINAL_HEADER_NAMES"=>"Content-Type", "X_PACT_PROVIDER_STATES"=>[{"name"=>"a product can be created"}]}, see debug logs for body
I, [2026-06-09T14:55:20.058777 #56565]  INFO -- : Received response with status: 201, headers: {"Server"=>"Werkzeug/3.1.8 Python/3.11.15", "Date"=>"Tue, 09 Jun 2026 20:55:20 GMT", "Content-Type"=>"application/json", "Content-Length"=>"40", "Connection"=>"close"}, see debug logs for body
I, [2026-06-09T14:55:53.301266 #56848]  INFO -- : Running example 'Verifying a pact between order-service and product-service Given product 1 exists a request for product 1 with GET /products/1 returns a response which has status code 200'
I, [2026-06-09T14:55:53.311392 #56848]  INFO -- : Sending GET request to path: "/products/1" with headers: {"X_PACT_PROVIDER_STATES"=>[{"name"=>"product 1 exists"}]}, see debug logs for body
I, [2026-06-09T14:55:53.318400 #56848]  INFO -- : Received response with status: 200, headers: {"Server"=>"Werkzeug/3.1.8 Python/3.11.15", "Date"=>"Tue, 09 Jun 2026 20:55:53 GMT", "Content-Type"=>"application/json", "Content-Length"=>"39", "Connection"=>"close"}, see debug logs for body
I, [2026-06-09T14:55:53.328726 #56848]  INFO -- : Running example 'Verifying a pact between order-service and product-service Given a product can be created a request to create a product with POST /products returns a response which has status code 201'
I, [2026-06-09T14:55:53.340068 #56848]  INFO -- : Sending POST request to path: "/products" with headers: {"CONTENT_TYPE"=>"application/json", "HTTP_X_PACT_ORIGINAL_HEADER_NAMES"=>"Content-Type", "X_PACT_PROVIDER_STATES"=>[{"name"=>"a product can be created"}]}, see debug logs for body
I, [2026-06-09T14:55:53.342304 #56848]  INFO -- : Received response with status: 201, headers: {"Server"=>"Werkzeug/3.1.8 Python/3.11.15", "Date"=>"Tue, 09 Jun 2026 20:55:53 GMT", "Content-Type"=>"application/json", "Content-Length"=>"40", "Connection"=>"close"}, see debug logs for body
I, [2026-06-09T14:58:00.735030 #57227]  INFO -- : Running example 'Verifying a pact between order-service and product-service Given product 1 exists a request for product 1 with GET /products/1 returns a response which has status code 200'
I, [2026-06-09T14:58:00.748476 #57227]  INFO -- : Sending GET request to path: "/products/1" with headers: {"X_PACT_PROVIDER_STATES"=>[{"name"=>"product 1 exists"}]}, see debug logs for body
I, [2026-06-09T14:58:00.754241 #57227]  INFO -- : Received response with status: 200, headers: {"Server"=>"Werkzeug/3.1.8 Python/3.11.15", "Date"=>"Tue, 09 Jun 2026 20:58:00 GMT", "Content-Type"=>"application/json", "Content-Length"=>"39", "Connection"=>"close"}, see debug logs for body
I, [2026-06-09T14:58:00.758447 #57227]  INFO -- : Running example 'Verifying a pact between order-service and product-service Given a product can be created a request to create a product with POST /products returns a response which has status code 201'
I, [2026-06-09T14:58:00.772079 #57227]  INFO -- : Sending POST request to path: "/products" with headers: {"CONTENT_TYPE"=>"application/json", "HTTP_X_PACT_ORIGINAL_HEADER_NAMES"=>"Content-Type", "X_PACT_PROVIDER_STATES"=>[{"name"=>"a product can be created"}]}, see debug logs for body
I, [2026-06-09T14:58:00.773821 #57227]  INFO -- : Received response with status: 201, headers: {"Server"=>"Werkzeug/3.1.8 Python/3.11.15", "Date"=>"Tue, 09 Jun 2026 20:58:00 GMT", "Content-Type"=>"application/json", "Content-Length"=>"40", "Connection"=>"close"}, see debug logs for body
I, [2026-06-09T14:58:21.901662 #57657]  INFO -- : Running example 'Verifying a pact between order-service and product-service Given product 1 exists a request for product 1 with GET /products/1 returns a response which has status code 200'
I, [2026-06-09T14:58:21.912251 #57657]  INFO -- : Sending GET request to path: "/products/1" with headers: {"X_PACT_PROVIDER_STATES"=>[{"name"=>"product 1 exists"}]}, see debug logs for body
I, [2026-06-09T14:58:21.918075 #57657]  INFO -- : Received response with status: 200, headers: {"Server"=>"Werkzeug/3.1.8 Python/3.11.15", "Date"=>"Tue, 09 Jun 2026 20:58:21 GMT", "Content-Type"=>"application/json", "Content-Length"=>"38", "Connection"=>"close"}, see debug logs for body
I, [2026-06-09T14:58:21.918995 #57657]  INFO -- : Running example 'Verifying a pact between order-service and product-service Given a product can be created a request to create a product with POST /products returns a response which has status code 201'
I, [2026-06-09T14:58:21.931168 #57657]  INFO -- : Sending POST request to path: "/products" with headers: {"CONTENT_TYPE"=>"application/json", "HTTP_X_PACT_ORIGINAL_HEADER_NAMES"=>"Content-Type", "X_PACT_PROVIDER_STATES"=>[{"name"=>"a product can be created"}]}, see debug logs for body
I, [2026-06-09T14:58:21.933249 #57657]  INFO -- : Received response with status: 201, headers: {"Server"=>"Werkzeug/3.1.8 Python/3.11.15", "Date"=>"Tue, 09 Jun 2026 20:58:21 GMT", "Content-Type"=>"application/json", "Content-Length"=>"40", "Connection"=>"close"}, see debug logs for body
